plate 452.0 x 177.5 x 3.175, towers at x 168.3 / -141.7, axles 178.3 / -145.7 (wheelbase 324.0 vs spec 324.0); UNDER_CLEARANCE 45.0, CAM_HEIGHT 170.0

hole assignment:
  tim561             above holes ['A1', 'B1', 'A2', 'B2']  centre (95.00, 41.00) rot 0
  camera_mast        above holes ['A3', 'B3']  centre (35.00, 41.00) rot 0
  jetson_orin_nano   above holes ['D2', 'D3']  centre (55.00, -61.50) rot 180
  battery_bank       below holes ['B5', 'C5', 'B6', 'C6']  centre (-65.00, 0.00) rot 0
  cable_tidy         above holes []  centre (-62.00, -107.00) rot 0
  vesc_tub_bracket   tub   holes []  centre (74.75, -54.50) rot 90
unused holes: ['C1', 'D1', 'C2', 'C3', 'A4', 'B4', 'C4', 'D4', 'A5', 'D5', 'A6', 'D6', 'A8', 'B8', 'C8', 'D8']
problems: none

62 solids; pairwise intersections (bbox-prefiltered)...
  5 intersecting pairs in 1 s
     3051.5 mm3  battery_bank:power_bank  x  chassis:gearbox
     2665.4 mm3  battery_bank:power_bank  x  chassis:motor
      553.0 mm3  battery_bank:bank_tray  x  chassis:motor
      250.2 mm3  battery_bank:bank_tray  x  cable_tidy:m5_fasteners
        1.0 mm3  battery_bank:power_bank  x  cable_tidy:m5_fasteners

extents (x0 x1 y0 y1 z0 z1):
  tim561:plinth                    [55.5, 142.46, 0.25, 81.75, 0.0, 44.4]
  tim561:lidar                     [15.84, 139.21, 11.0, 71.0, 14.0, 99.75]
  camera_mast:mast                 [14.75, 55.25, -0.0, 82.0, 0.0, 152.37]
  camera_mast:head                 [21.0, 54.0, 15.0, 67.0, 147.37, 174.37]
  camera_mast:camera               [24.0, 54.0, -21.73, 85.73, 156.37, 181.37]
  jetson_orin_nano:jetson_tray     [1.5, 108.5, -104.5, -18.5, 0.0, 17.97]
  jetson_orin_nano:jetson_kit      [5.0, 105.0, -101.0, -20.0, 10.3, 43.17]
  battery_bank:bank_tray           [-131.45, 9.45, -84.4, 84.4, -31.88, -3.17]
  battery_bank:power_bank          [-127.95, 30.95, -80.9, 80.9, -29.58, -11.77]
  cable_tidy:rail                  [-152.0, -12.0, -125.6, -76.0, -0.0, 23.5]
  cable_tidy:cables                [-112.5, -13.5, -121.5, -75.0, 8.1, 20.1]
  cable_tidy:m5_fasteners          [-149.75, -100.25, -86.75, -77.25, -12.0, 6.75]
  vesc_tub_bracket:saddle          [25.25, 124.25, -117.5, 8.5, -66.17, -18.38]
  vesc_tub_bracket:vesc_case       [28.75, 126.74, -132.0, 18.0, -45.17, -20.67]

under-board clearance (mount bottom minus chassis top, mm, for UNDER_CLEARANCE 45/40/35):
  battery_bank: {'depth_below_plate_top': 31.88, 'UC45': ('motor', -6.7), 'UC40': ('motor', -11.7), 'UC35': ('motor', -16.7)}

tub-fixed mounts vs the plate and its mounts for UNDER_CLEARANCE 45/40/35:
  vesc_tub_bracket: {'top_above_rim': 29.8, 'UC45': {'plate_underside_margin': 15.2, 'hits_mm3': {}}, 'UC40': {'plate_underside_margin': 10.2, 'hits_mm3': {'jetson_orin_nano:clipless_D2': 381.2, 'jetson_orin_nano:clipless_D3': 279.1}}, 'UC35': {'plate_underside_margin': 5.2, 'hits_mm3': {'tim561:clipless_B2': 455.2, 'jetson_orin_nano:clipless_D2': 3896.5, 'jetson_orin_nano:clipless_D3': 2590.5}}}

closest approaches (bbox gaps, mm; the largest of dx/dy/dz is the separating direction):
  jetson_orin_nano:jetson_tray | vesc_tub_bracket:saddle                 gap   18.38  (dx -83.25, dy -99.0, dz 18.38)
  jetson_orin_nano:jetson_kit | chassis:tub                              gap   58.47  (dx -145.0, dy -30.0, dz 58.47)
  vesc_tub_bracket:saddle | chassis:motor                                gap  132.25  (dx 132.25, dy -92.5, dz -41.0)
  vesc_tub_bracket:saddle | battery_bank:clipless_C5                     gap   53.75  (dx 53.75, dy -45.5, dz 15.24)
  vesc_tub_bracket:saddle | battery_bank:clipless_C6                     gap   93.75  (dx 93.75, dy -45.5, dz 15.24)
  battery_bank:bank_tray | cable_tidy:rail                               gap    3.17  (dx -119.45, dy -8.4, dz 3.17)
  battery_bank:bank_tray | camera_mast:mast                              gap    5.30  (dx 5.3, dy -84.4, dz 3.17)
  jetson_orin_nano:jetson_kit | chassis:centre_shaft                     gap   66.47  (dx -123.0, dy 12.0, dz 66.47)
  jetson_orin_nano:jetson_tray | chassis:steering_servo                  gap   23.17  (dx 19.5, dy -34.5, dz 23.17)
  tim561:plinth | camera_mast:mast                                       gap    0.25  (dx 0.25, dy -81.75, dz -44.4)
  tim561:lidar | camera_mast:mast                                        gap  -39.41  (dx -39.41, dy -71.0, dz -99.75)
  camera_mast:mast | jetson_orin_nano:jetson_tray                        gap   18.50  (dx -53.75, dy 18.5, dz -17.97)
  jetson_orin_nano:jetson_tray | chassis:tyre_front_R                    gap   11.64  (dx 11.64, dy -23.19, dz 4.17)
  jetson_orin_nano:jetson_kit | chassis:tyre_front_R                     gap   15.14  (dx 15.14, dy -19.69, dz 14.47)
  battery_bank:bank_tray | board:bracket2                                gap    2.49  (dx 2.49, dy -104.45, dz -14.01)
  battery_bank:power_bank | board:bracket2                               gap    5.99  (dx 5.99, dy -100.95, dz -5.41)
  battery_bank:bank_tray | board:bracket3                                gap    2.49  (dx 2.49, dy -104.45, dz -17.74)
  battery_bank:bank_tray | vesc_tub_bracket:saddle                       gap   15.80  (dx 15.8, dy -92.9, dz -13.5)
  battery_bank:bank_tray | chassis:rear_tower                            gap    8.29  (dx 8.29, dy -144.4, dz -12.7)
  battery_bank:bank_tray | cable_tidy:m5_fasteners                       gap   -7.15  (dx -31.2, dy -7.15, dz -8.83)
  battery_bank:bank_tray | chassis:battery_tray                          gap   10.30  (dx -84.45, dy -69.4, dz 10.3)
  battery_bank:bank_tray | chassis:gearbox                               gap   -5.70  (dx -21.45, dy -109.4, dz -5.7)
  battery_bank:bank_tray | chassis:motor                                 gap   -6.70  (dx -24.45, dy -59.4, dz -6.7)
  vesc_tub_bracket:saddle | chassis:steering_servo                       gap    3.75  (dx 3.75, dy -61.5, dz -43.0)
  vesc_tub_bracket:saddle | jetson_orin_nano:clipless_D2                 gap    2.35  (dx -65.75, dy -72.5, dz 2.35)
  vesc_tub_bracket:saddle | jetson_orin_nano:clipless_D3                 gap    2.35  (dx -26.25, dy -72.5, dz 2.35)
  vesc_tub_bracket:vesc_case | jetson_orin_nano:clipless_D2              gap    4.65  (dx -62.75, dy -87.0, dz 4.65)
  tim561:clipless_B1 | chassis:steering_servo                            gap    7.15  (dx -3.5, dy 1.0, dz 7.15)
  tim561:clipless_B1 | chassis:steering_linkage                          gap   20.15  (dx 8.5, dy -36.0, dz 20.15)
  camera_mast:clipless_B3 | battery_bank:bank_tray                       gap    9.05  (dx 9.05, dy -80.4, dz -12.85)
  camera_mast:mast | battery_bank:clipless_B5                            gap   43.25  (dx 43.25, dy -37.0, dz -12.85)
  tim561:lidar | chassis:tyre_front_L                                    gap   18.17  (dx -19.07, dy 10.31, dz 18.17)
  tim561:plinth | chassis:body_post_2                                    gap   35.38  (dx 34.4, dy 35.38, dz -25.0)
  tim561:plinth | chassis:body_post_3                                    gap   34.40  (dx 34.4, dy -41.87, dz -25.0)
  cable_tidy:rail | chassis:tyre_rear_R                                  gap    4.17  (dx -61.26, dy -19.6, dz 4.17)
  jetson_orin_nano:jetson_tray | tim561:plinth                           gap   18.75  (dx -53.0, dy 18.75, dz -17.97)

lidar scan plane 76.46 above the plate top (lidar top 99.75); tallest other items: [(181.37, 'camera_mast:camera'), (174.37, 'camera_mast:head'), (152.37, 'camera_mast:mast'), (43.17, 'jetson_orin_nano:jetson_kit'), (25.0, 'chassis:body_post_3'), (25.0, 'chassis:body_post_2')]
in the scan plane, from the lidar axis (108.7, 41.0) (bearing from dead ahead, +left; the TiM561 blind sector is |bearing| > 135):
  camera_mast:mast             range   87.1  bearing  -162.7  width   4.8  sector (-165.0, -160.2)  BLIND (free)
  camera_mast:mast             range   62.6  bearing  -156.0  width   6.8  sector (-159.3, -152.5)  BLIND (free)
  camera_mast:mast             range   62.6  bearing   156.0  width   6.8  sector (152.5, 159.3)  BLIND (free)
  camera_mast:mast             range   87.1  bearing   162.7  width   4.8  sector (160.2, 165.0)  BLIND (free)
  visible occlusions (outside the rear 90 degrees): NONE
  (analytic legs, 0.75 x 6 mm half-width: [('rear-right', 90.8, -162.7, 5.7), ('rear-left', 90.8, 162.7, 5.7), ('front-right', 66.5, -156.0, 7.7), ('front-left', 66.5, 156.0, 7.7)] )
  all four legs inside the blind sector (analytic): True

camera line of sight over the TiM561 (lens x 54.0, lidar hood top 99.8):
  CAM_HEIGHT 150: hood enters the depth image (V 65) at pitch -0.5, the RGB image (V 55) at -5.6; at 0 pitch the margin is 0.5 deg (hood_top_front, dx 75.7, dz -49.1)
  CAM_HEIGHT 170: hood enters the depth image (V 65) at pitch -10.7, the RGB image (V 55) at -15.8; at 0 pitch the margin is 9.9 deg (hood_top_front, dx 75.7, dz -69.1)
  CAM_HEIGHT 190: hood enters the depth image (V 65) at pitch -18.8, the RGB image (V 55) at -23.9; at 0 pitch the margin is 17.2 deg (hood_top_front, dx 75.7, dz -89.1)

written: ['newcar_layout_blade100w_assembly.step', 'newcar_layout_blade100w_bottom.png', 'newcar_layout_blade100w_front.png', 'newcar_layout_blade100w_lines.png', 'newcar_layout_blade100w_lines.svg', 'newcar_layout_blade100w_report.json', 'newcar_layout_blade100w_side.png', 'newcar_layout_blade100w_top.png']
