plate 452.0 x 177.5 x 3.175, towers at x 168.3 / -141.7, axles 178.3 / -145.7 (wheelbase 324.0 vs spec 324.0); UNDER_CLEARANCE 45.0, CAM_HEIGHT 170.0

hole assignment:
  tim561             above holes ['A1', 'B1', 'A2', 'B2']  centre (95.00, 41.00) rot 0
  camera_mast        above holes ['A3', 'B3']  centre (35.00, 41.00) rot 0
  jetson_orin_nano   below holes ['D2', 'D3']  centre (55.00, -61.50) rot 180
  battery_bank       above holes ['B5', 'C5', 'B6', 'C6']  centre (-65.00, 0.00) rot 0
  cable_tidy         above holes []  centre (-62.00, -107.00) rot 0
  vesc_fsesc67_rear  above holes ['B8', 'C8']  centre (-185.00, 0.00) rot 90
unused holes: ['C1', 'D1', 'C2', 'C3', 'A4', 'B4', 'C4', 'D4', 'A5', 'D5', 'A6', 'D6', 'A8', 'D8']
problems: none

66 solids; pairwise intersections (bbox-prefiltered)...
  0 intersecting pairs in 1 s

extents (x0 x1 y0 y1 z0 z1):
  tim561:plinth                    [55.5, 142.46, 0.25, 81.75, 0.0, 44.4]
  tim561:lidar                     [15.84, 139.21, 11.0, 71.0, 14.0, 99.75]
  camera_mast:mast                 [14.75, 55.25, -0.0, 82.0, 0.0, 152.37]
  camera_mast:head                 [21.0, 54.0, 15.0, 67.0, 147.37, 174.37]
  camera_mast:camera               [24.0, 54.0, -21.73, 85.73, 156.37, 181.37]
  jetson_orin_nano:jetson_tray     [1.5, 108.5, -104.5, -18.5, -21.15, -3.17]
  jetson_orin_nano:jetson_kit      [5.0, 105.0, -103.0, -22.0, -46.35, -13.47]
  battery_bank:bank_tray           [-131.45, 9.45, -70.45, 70.45, 0.0, 28.7]
  battery_bank:power_bank          [-127.95, 30.95, -66.95, 66.95, 8.6, 26.4]
  cable_tidy:rail                  [-152.0, -12.0, -125.6, -76.0, -0.0, 23.5]
  cable_tidy:cables                [-112.5, -13.5, -121.5, -75.0, 8.1, 20.1]
  cable_tidy:m5_fasteners          [-149.75, -100.25, -86.75, -77.25, -12.0, 6.75]
  vesc_fsesc67_rear:vesc_tray      [-234.5, -135.5, -63.0, 63.0, 0.0, 35.8]
  vesc_fsesc67_rear:vesc_case      [-231.0, -133.01, -77.5, 72.5, 9.0, 33.5]

under-board clearance (mount bottom minus chassis top, mm, for UNDER_CLEARANCE 45/40/35):
  jetson_orin_nano: {'depth_below_plate_top': 46.35, 'UC45': ('tub', 1.83), 'UC40': ('tub', -3.17), 'UC35': ('tub', -8.17)}

tub-fixed mounts vs the plate and its mounts for UNDER_CLEARANCE 45/40/35:

closest approaches (bbox gaps, mm; the largest of dx/dy/dz is the separating direction):
  jetson_orin_nano:jetson_kit | chassis:tub                              gap    1.83  (dx -145.0, dy -28.0, dz 1.83)
  vesc_fsesc67_rear:vesc_tray | battery_bank:bank_tray                   gap    4.05  (dx 4.05, dy -133.45, dz -28.7)
  vesc_fsesc67_rear:vesc_tray | cable_tidy:rail                          gap   13.00  (dx -16.5, dy 13.0, dz -23.5)
  battery_bank:bank_tray | cable_tidy:rail                               gap    5.55  (dx -119.45, dy 5.55, dz -23.5)
  battery_bank:bank_tray | camera_mast:mast                              gap    5.30  (dx 5.3, dy -70.45, dz -28.7)
  jetson_orin_nano:jetson_kit | chassis:centre_shaft                     gap   14.00  (dx -123.0, dy 14.0, dz 9.83)
  jetson_orin_nano:jetson_tray | chassis:steering_servo                  gap   19.50  (dx 19.5, dy -34.5, dz 2.03)
  tim561:plinth | camera_mast:mast                                       gap    0.25  (dx 0.25, dy -81.75, dz -44.4)
  tim561:lidar | camera_mast:mast                                        gap  -39.41  (dx -39.41, dy -71.0, dz -99.75)
  camera_mast:mast | jetson_orin_nano:jetson_tray                        gap   18.50  (dx -53.75, dy 18.5, dz 3.17)
  jetson_orin_nano:jetson_tray | chassis:tyre_front_R                    gap   11.64  (dx 11.64, dy -23.19, dz -16.97)
  jetson_orin_nano:jetson_kit | chassis:tyre_front_R                     gap   15.14  (dx 15.14, dy -21.69, dz -42.17)
  battery_bank:bank_tray | board:bracket2                                gap    3.18  (dx 2.49, dy -90.5, dz 3.18)
  battery_bank:power_bank | board:bracket2                               gap   11.78  (dx 5.99, dy -87.0, dz 11.78)
  battery_bank:bank_tray | board:bracket3                                gap   14.14  (dx 2.49, dy -90.5, dz 14.14)
  battery_bank:bank_tray | chassis:rear_tower                            gap   19.17  (dx 8.29, dy -130.45, dz 19.17)
  battery_bank:bank_tray | cable_tidy:m5_fasteners                       gap    6.80  (dx -31.2, dy 6.8, dz -6.75)
  battery_bank:bank_tray | chassis:battery_tray                          gap   42.17  (dx -84.45, dy -55.45, dz 42.17)
  battery_bank:bank_tray | chassis:gearbox                               gap   26.17  (dx -21.45, dy -95.45, dz 26.17)
  battery_bank:bank_tray | chassis:motor                                 gap   25.17  (dx -24.45, dy -45.45, dz 25.17)
  tim561:clipless_B1 | chassis:steering_servo                            gap    7.15  (dx -3.5, dy 1.0, dz 7.15)
  tim561:clipless_B1 | chassis:steering_linkage                          gap   20.15  (dx 8.5, dy -36.0, dz 20.15)
  camera_mast:clipless_B3 | battery_bank:bank_tray                       gap    9.05  (dx 9.05, dy -66.45, dz 0.04)
  camera_mast:mast | battery_bank:clipless_B5                            gap   43.25  (dx 43.25, dy -37.0, dz 0.04)
  tim561:lidar | chassis:tyre_front_L                                    gap   18.17  (dx -19.07, dy 10.31, dz 18.17)
  tim561:plinth | chassis:body_post_2                                    gap   35.38  (dx 34.4, dy 35.38, dz -25.0)
  tim561:plinth | chassis:body_post_3                                    gap   34.40  (dx 34.4, dy -41.87, dz -25.0)
  cable_tidy:rail | chassis:tyre_rear_R                                  gap    4.17  (dx -61.26, dy -19.6, dz 4.17)
  jetson_orin_nano:jetson_tray | tim561:plinth                           gap   18.75  (dx -53.0, dy 18.75, dz 3.17)

lidar scan plane 76.46 above the plate top (lidar top 99.75); tallest other items: [(181.37, 'camera_mast:camera'), (174.37, 'camera_mast:head'), (152.37, 'camera_mast:mast'), (35.8, 'vesc_fsesc67_rear:vesc_tray'), (33.5, 'vesc_fsesc67_rear:vesc_case'), (28.7, 'battery_bank:bank_tray')]
in the scan plane, from the lidar axis (108.7, 41.0) (bearing from dead ahead, +left; the TiM561 blind sector is |bearing| > 135):
  camera_mast:mast             range   87.1  bearing  -162.7  width   4.8  sector (-165.0, -160.2)  BLIND (free)
  camera_mast:mast             range   62.6  bearing  -156.0  width   6.8  sector (-159.3, -152.5)  BLIND (free)
  camera_mast:mast             range   62.6  bearing   156.0  width   6.8  sector (152.5, 159.3)  BLIND (free)
  camera_mast:mast             range   87.1  bearing   162.7  width   4.8  sector (160.2, 165.0)  BLIND (free)
  visible occlusions (outside the rear 90 degrees): NONE
  (analytic legs, 0.75 x 6 mm half-width: [('rear-right', 90.8, -162.7, 5.7), ('rear-left', 90.8, 162.7, 5.7), ('front-right', 66.5, -156.0, 7.7), ('front-left', 66.5, 156.0, 7.7)] )
  all four legs inside the blind sector (analytic): True

camera line of sight over the TiM561 (lens x 54.0, lidar hood top 99.8):
  CAM_HEIGHT 150: hood enters the depth image (V 65) at pitch -0.5, the RGB image (V 55) at -5.6; at 0 pitch the margin is 0.5 deg (hood_top_front, dx 75.7, dz -49.1)
  CAM_HEIGHT 170: hood enters the depth image (V 65) at pitch -10.7, the RGB image (V 55) at -15.8; at 0 pitch the margin is 9.9 deg (hood_top_front, dx 75.7, dz -69.1)
  CAM_HEIGHT 190: hood enters the depth image (V 65) at pitch -18.8, the RGB image (V 55) at -23.9; at 0 pitch the margin is 17.2 deg (hood_top_front, dx 75.7, dz -89.1)
  mast check solids_mast: 1
  mast check solids_head: 1
  mast check mast_x_head: 0.0
  mast check mast_x_head_pitched: {5: 0.0, 10: 0.0, 15: 0.0, 20: 0.0}
  mast check mast_x_envelope_pitched: {0: 0.0, 5: 0.0, 10: 0.0, 15: 0.0, 20: 0.0}
  mast check head_x_envelope: 0.0
  mast check mast_x_feet: 0.0
  mast check feet_x_clipless: 0.0
  mast check mast_x_plate: 0.0
  mast check feet_x_envelope: 0.0
  mast check lens_above_board_top_at_0: 170.0
  mast check lens_above_board_top_at_-20: 161.3
  mast check lens_x_from_feet_row: 19.0
  mast check lidar_axis_from_feet_row_(x,y): (60.0, 0.0)
  mast check lidar_ahead_of_lens: 41.0
  mast check mast_frontmost_x: 20.25
  mast check margin_to_plinth_body: 8.7
  mast check legs_in_scan_plane: [('rear-right', 77.9, -159.6, 6.6), ('rear-left', 77.9, 159.6, 6.6), ('front-right', 54.3, -149.9, 9.5), ('front-left', 54.3, 149.9, 9.5)]
  mast check occluded_sectors_deg_(bearing_from_dead_ahead,_+left): [(-162.9, -156.2), (-154.6, -145.2), (145.2, 154.6), (156.2, 162.9)]
  mast check occlusion_in_forward_half: none
  mast check lidar_top_below_image_bottom_deg_per_pitch: [(0, 42.4), (-5, 39.4), (-10, 36.5), (-15, 33.5), (-20, 30.4)]
  mast check lidar_top_enters_image_at_pitch: -62.9
  mast check lidar_top_enters_rgb_image_at_pitch: -68.2
  mast check bolt_engagement_in_camera: 4.7

written: ['newcar_layout_above_assembly.step', 'newcar_layout_above_bottom.png', 'newcar_layout_above_front.png', 'newcar_layout_above_lines.png', 'newcar_layout_above_lines.svg', 'newcar_layout_above_report.json', 'newcar_layout_above_side.png', 'newcar_layout_above_top.png', 'newcar_layout_above_vescsaddle_assembly.step', 'newcar_layout_above_vescsaddle_bottom.png', 'newcar_layout_above_vescsaddle_front.png', 'newcar_layout_above_vescsaddle_lines.png', 'newcar_layout_above_vescsaddle_lines.svg', 'newcar_layout_above_vescsaddle_report.json', 'newcar_layout_above_vescsaddle_side.png', 'newcar_layout_above_vescsaddle_top.png']
